Microchip MPLAB XC8 Compiler V2.35

Linker command line:

-W-3 --edf=C:\Program Files\Microchip\xc8\v2.35\pic\dat\en_msgs.txt -cn \
  -h+dist/default/production\LABORATORIO1.X.production.sym \
  --cmf=dist/default/production\LABORATORIO1.X.production.cmf -z -Q16F887 \
  -oC:\Users\CATU\AppData\Local\Temp\xcAs94.4 --defsym=__MPLAB_BUILD=1 \
  -Mdist/default/production/LABORATORIO1.X.production.map \
  --md=C:\Users\CATU\AppData\Local\Temp\xcAs94.dat -E1 -ver=XC8 Compiler \
  --acfsm=1493 -ACODE=00h-07FFhx4 -ASTRCODE=00h-01FFFh -ASTRING=00h-0FFhx32 \
  -ACONST=00h-0FFhx32 -AENTRY=00h-0FFhx32 -ACOMMON=070h-07Fh \
  -ABANK0=020h-06Fh -ABANK1=0A0h-0EFh -ABANK2=0110h-016Fh \
  -ABANK3=0190h-01EFh -ARAM=020h-06Fh,0A0h-0EFh,0110h-016Fh,0190h-01EFh \
  -AABS1=020h-07Fh,0A0h-0EFh,0110h-016Fh,0190h-01EFh -ASFR0=00h-01Fh \
  -ASFR1=080h-09Fh -ASFR2=0100h-010Fh -ASFR3=0180h-018Fh \
  -ACONFIG=02007h-02008h -DCONFIG=2 -AIDLOC=02000h-02003h -DIDLOC=2 \
  -AEEDATA=00h-0FFh/02100h -peeprom_data=EEDATA -DEEDATA=2 -DCODE=2 \
  -DSTRCODE=2 -DSTRING=2 -DCONST=2 -DENTRY=2 \
  -preset_vec=00h,intentry=04h,init,end_init -ppowerup=CODE -pcinit=CODE \
  -pfunctab=ENTRY -k C:\Users\CATU\AppData\Local\Temp\xcAs94.o \
  dist/default/production\LABORATORIO1.X.production.o 

Object code version is 3.11

Machine type is 16F887



                Name                               Link     Load   Length Selector   Space Scale
C:\Users\CATU\AppData\Local\Temp\xcAs94.o
                end_init                             10       10        3        8       0
                reset_vec                             0        0        3        0       0
                config                             2007     2007        2        0       4
                idloc                              2000     2000        4        0       5
dist/default/production\LABORATORIO1.X.production.o
                cinit                                13       13        C        8       0
                intentry                              4        4        C        8       0
                config                             2007     2007        2        0       4
                idloc                              2000     2000        4        0       5
                text12                              31B      31B        B        8       0
                text11                              168      168       5C        8       0
                text10                              32C      32C        6        8       0
                text9                                1F       1F       74        8       0
                text8                               2E8      2E8       24        8       0
                text7                               21E      21E       4C        8       0
                text6                               26A      26A       4B        8       0
                text5                               1C4      1C4       5A        8       0
                text4                               2B5      2B5       33        8       0
                text3                               104      104       64        8       0
                text2                               326      326        6        8       0
                text1                                93       93       71        8       0
                maintext                            30C      30C        F        8       0
                cstackBANK0                          20       20        6       20       1
                cstackCOMMON                         70       70        C       70       1
                dataBANK0                            26       26        1       20       1
                bssCOMMON                            7C       7C        2       70       1
                idataBANK0                          332      332        1        8       0

TOTAL           Name                               Link     Load   Length     Space
        CLASS   CODE           
                end_init                             10       10        3         0
                cinit                                13       13        C         0
                intentry                              4        4        C         0
                reset_vec                             0        0        3         0
                text12                              31B      31B        B         0
                text11                              168      168       5C         0
                text10                              32C      32C        6         0
                text9                                1F       1F       74         0
                text8                               2E8      2E8       24         0
                text7                               21E      21E       4C         0
                text6                               26A      26A       4B         0
                text5                               1C4      1C4       5A         0
                text4                               2B5      2B5       33         0
                text3                               104      104       64         0
                text2                               326      326        6         0
                text1                                93       93       71         0
                maintext                            30C      30C        F         0
                idataBANK0                          332      332        1         0

        CLASS   STRCODE        

        CLASS   STRING         

        CLASS   CONST          

        CLASS   ENTRY          

        CLASS   COMMON         
                cstackCOMMON                         70       70        C         1
                bssCOMMON                            7C       7C        2         1

        CLASS   BANK0          
                cstackBANK0                          20       20        6         1
                dataBANK0                            26       26        1         1

        CLASS   BANK1          

        CLASS   BANK2          

        CLASS   BANK3          

        CLASS   RAM            

        CLASS   ABS1           
                abs_s1                               7E       7E        2         1

        CLASS   SFR0           

        CLASS   SFR1           

        CLASS   SFR2           

        CLASS   SFR3           

        CLASS   CONFIG         
                config                             2007     2007        2         4

        CLASS   IDLOC          
                idloc                              2000     2000        4         5

        CLASS   EEDATA         

        CLASS   STACK          



SEGMENTS        Name                           Load    Length   Top    Selector   Space  Class     Delta

                reset_vec                      000000  000003  000003         0       0  CODE        2
                intentry                       000004  00032F  000333         8       0  CODE        2
                cstackBANK0                    000020  000007  000027        20       1  BANK0       1
                cstackCOMMON                   000070  00000E  00007E        70       1  COMMON      1


UNUSED ADDRESS RANGES

        Name                Unused          Largest block    Delta
        BANK0            0027-006F             49           1
        BANK1            00A0-00EF             50           1
        BANK2            0110-016F             60           1
        BANK3            0190-01EF             60           1
        CODE             0003-0003              1           2
                         0333-1FFF            800
        CONST            0003-0003              1           2
                         0333-1FFF            100
        EEDATA           2100-21FF            100           2
        ENTRY            0003-0003              1           2
                         0333-1FFF            100
        RAM              0027-006F             49           1
                         00A0-00EF             50
                         0110-016F             60
                         0190-01EF             60
        SFR0             0000-001F             20           1
        SFR1             0080-009F             20           1
        SFR2             0100-010F             10           1
        SFR3             0180-018F             10           1
        STRCODE          0003-0003              1           2
                         0333-1FFF           1CCD
        STRING           0003-0003              1           2
                         0333-1FFF            100

                                  Symbol Table

?_adc_read                  cstackCOMMON 0070
_ADCON0bits                 (abs)        001F
_ADCON1bits                 (abs)        009F
_ADRESH                     (abs)        001E
_ANSEL                      (abs)        0188
_CCP1CON                    (abs)        0017
_CCP1CONbits                (abs)        0017
_CCP2CON                    (abs)        001D
_CCP2CONbits                (abs)        001D
_CCPR1L                     (abs)        0015
_CCPR2L                     (abs)        001B
_INTCONbits                 (abs)        000B
_OPTION_REGbits             (abs)        0081
_OSCCONbits                 (abs)        008F
_PIE1bits                   (abs)        008C
_PIR1bits                   (abs)        000C
_PORTA                      (abs)        0005
_PORTAbits                  (abs)        0005
_PORTC                      (abs)        0007
_PORTD                      (abs)        0008
_PR2                        (abs)        0092
_T2CONbits                  (abs)        0012
_TMR0                       (abs)        0001
_TRISA                      (abs)        0085
_TRISC                      (abs)        0087
_TRISCbits                  (abs)        0087
_TRISD                      (abs)        0088
__Habs1                     abs1         0000
__Hbank0                    bank0        0000
__Hbank1                    bank1        0000
__Hbank2                    bank2        0000
__Hbank3                    bank3        0000
__HbssCOMMON                bssCOMMON    0000
__Hcinit                    cinit        001F
__Hclrtext                  clrtext      0000
__Hcode                     code         0000
__Hcommon                   common       0000
__Hconfig                   config       2009
__HcstackBANK0              cstackBANK0  0000
__HcstackCOMMON             cstackCOMMON 0000
__HdataBANK0                dataBANK0    0000
__Heeprom_data              eeprom_data  0000
__Hend_init                 end_init     0013
__Hfunctab                  functab      0000
__HidataBANK0               idataBANK0   0000
__Hidloc                    idloc        2004
__Hinit                     init         0010
__Hintentry                 intentry     0010
__Hmaintext                 maintext     0000
__Hpowerup                  powerup      0000
__Hram                      ram          0000
__Hreset_vec                reset_vec    0003
__Hsfr0                     sfr0         0000
__Hsfr1                     sfr1         0000
__Hsfr2                     sfr2         0000
__Hsfr3                     sfr3         0000
__Hspace_0                  (abs)        0333
__Hspace_1                  (abs)        007E
__Hspace_2                  (abs)        0000
__Hspace_3                  (abs)        0000
__Hspace_4                  (abs)        4010
__Hstack                    stack        0000
__Hstrings                  strings      0000
__Htext                     text         0000
__Labs1                     abs1         0000
__Lbank0                    bank0        0000
__Lbank1                    bank1        0000
__Lbank2                    bank2        0000
__Lbank3                    bank3        0000
__LbssCOMMON                bssCOMMON    0000
__Lcinit                    cinit        0013
__Lclrtext                  clrtext      0000
__Lcode                     code         0000
__Lcommon                   common       0000
__Lconfig                   config       0000
__LcstackBANK0              cstackBANK0  0000
__LcstackCOMMON             cstackCOMMON 0000
__LdataBANK0                dataBANK0    0000
__Leeprom_data              eeprom_data  0000
__Lend_init                 end_init     0010
__Lfunctab                  functab      0000
__LidataBANK0               idataBANK0   0000
__Lidloc                    idloc        0000
__Linit                     init         0010
__Lintentry                 intentry     0004
__Lmaintext                 maintext     0000
__Lpowerup                  powerup      0000
__Lram                      ram          0000
__Lreset_vec                reset_vec    0000
__Lsfr0                     sfr0         0000
__Lsfr1                     sfr1         0000
__Lsfr2                     sfr2         0000
__Lsfr3                     sfr3         0000
__Lspace_0                  (abs)        0000
__Lspace_1                  (abs)        0000
__Lspace_2                  (abs)        0000
__Lspace_3                  (abs)        0000
__Lspace_4                  (abs)        0000
__Lstack                    stack        0000
__Lstrings                  strings      0000
__Ltext                     text         0000
__S0                        (abs)        0333
__S1                        (abs)        007E
__S3                        (abs)        0000
___int_sp                   stack        0000
___latbits                  (abs)        0002
___sp                       stack        0000
___stackhi                  (abs)        0000
___stacklo                  (abs)        0000
__end_of__initialization    cinit        001B
__end_of_adc_init           text7        026A
__end_of_adc_read           text12       0326
__end_of_adc_start          text8        030C
__end_of_init_osc_MHz       text6        02B5
__end_of_isr                text9        0093
__end_of_main               maintext     031B
__end_of_pwm_duty_cycle     text5        021E
__end_of_pwm_init           text4        02E8
__end_of_setup              text1        0104
__end_of_tmr0_init          text3        0168
__end_of_tmr0_reload        text2        032C
__end_ofi1_pwm_duty_cycle   text11       01C4
__end_ofi1_tmr0_reload      text10       0332
__initialization            cinit        0013
__pbssCOMMON                bssCOMMON    007C
__pcstackBANK0              cstackBANK0  0020
__pcstackCOMMON             cstackCOMMON 0070
__pdataBANK0                dataBANK0    0026
__pidataBANK0               idataBANK0   0332
__pintentry                 intentry     0004
__pmaintext                 maintext     030C
__ptext1                    text1        0093
__ptext10                   text10       032C
__ptext11                   text11       0168
__ptext12                   text12       031B
__ptext2                    text2        0326
__ptext3                    text3        0104
__ptext4                    text4        02B5
__ptext5                    text5        01C4
__ptext6                    text6        026A
__ptext7                    text7        021E
__ptext8                    text8        02E8
__ptext9                    text9        001F
_adc_init                   text7        021E
_adc_read                   text12       031B
_adc_start                  text8        02E8
_bandera                    dataBANK0    0026
_ciclo_trabajo              bssCOMMON    007C
_contador                   bssCOMMON    007D
_init_osc_MHz               text6        026A
_isr                        text9        001F
_main                       maintext     030C
_pwm_duty_cycle             text5        01C4
_pwm_init                   text4        02B5
_setup                      text1        0093
_tmr0_init                  text3        0104
_tmr0_reload                text2        0326
adc_init@adc_cs             cstackBANK0  0024
adc_init@vref_minus         cstackBANK0  0021
adc_init@vref_plus          cstackBANK0  0020
adc_start@channel           cstackBANK0  0021
btemp                       (abs)        007E
end_of_initialization       cinit        001B
i1_pwm_duty_cycle           text11       0168
i1_tmr0_reload              text10       032C
i1pwm_duty_cycle@channel    cstackCOMMON 0072
i1pwm_duty_cycle@duty_cycle cstackCOMMON 0070
init_osc_MHz@freq           cstackBANK0  0022
interrupt_function          intentry     0004
intlevel0                   functab      0000
intlevel1                   functab      0000
intlevel2                   functab      0000
intlevel3                   functab      0000
intlevel4                   functab      0000
intlevel5                   functab      0000
pwm_duty_cycle@channel      cstackBANK0  0022
pwm_duty_cycle@duty_cycle   cstackBANK0  0020
pwm_init@channel            cstackBANK0  0022
reset_vec                   reset_vec    0000
saved_w                     (abs)        007E
start                       init         0010
start_initialization        cinit        0013
tmr0_init@prescaler         cstackBANK0  0020
wtemp0                      (abs)        007E


MODULE INFORMATION

Module		Function		Class		Link	Load	Size
pwm.c
		_pwm_duty_cycle		CODE           	01C4	0000	90
		_pwm_init      		CODE           	02B5	0000	51

pwm.c estimated size: 141

adc.c
		_adc_start     		CODE           	02E8	0000	36
		_adc_read      		CODE           	031B	0000	11
		_adc_init      		CODE           	021E	0000	76

adc.c estimated size: 123

oscilador.c
		_init_osc_MHz  		CODE           	026A	0000	75

oscilador.c estimated size: 75

tmr0.c
		_tmr0_reload   		CODE           	0326	0000	6
		_tmr0_init     		CODE           	0104	0000	100

tmr0.c estimated size: 106

shared
		i1_pwm_duty_cycle		CODE           	0168	0000	92
		__initialization		CODE           	0013	0000	8
		i1_tmr0_reload 		CODE           	032C	0000	6

shared estimated size: 106

main.c
		_main          		CODE           	030C	0000	15
		_isr           		CODE           	001F	0000	116
		_setup         		CODE           	0093	0000	113

main.c estimated size: 244

